mfrc522.c:233:6:mfrc522_init	8	static
mfrc522.c:247:6:mfrc522_deinit	8	static
mfrc522.c:260:6:mfrc522_power_en	16	static
mfrc522.c:275:9:mfrc522_check	24	static
mfrc522.c:283:9:mfrc522_compare	24	static
mfrc522.c:292:9:mfrc522_request	32	static
mfrc522.c:303:9:mfrc522_to_card	40	static
mfrc522.c:366:9:mfrc522_anticoll	32	static
mfrc522.c:384:6:mfrc522_calculate_crc	40	static
mfrc522.c:407:9:mfrc522_select_tag	40	static
mfrc522.c:423:9:mfrc522_auth	48	static
mfrc522.c:439:9:mfrc522_read	32	static
mfrc522.c:451:9:mfrc522_write	48	static
mfrc522.c:473:6:mfrc522_reset	8	static
mfrc522.c:479:6:mfrc522_halt	24	static
mfrc522.c:492:13:mfrc522_antenna_on	24	static
mfrc522.c:506:13:write_regs	24	static
mfrc522.c:522:16:read_regs	32	static
mfrc522.c:540:13:mfrc522_spi_init	16	static
mfrc522.c:551:13:mfrc522_spi_deinit	8	static
mfrc522.c:563:13:mfrc522_setup	8	static
mfrc522.c:579:13:mfrc522_set_data	16	static
mfrc522.c:584:13:mfrc522_clear_data	16	static
mfrc522.c:589:13:mfrc522_gpio_init	48	static
mfrc522.c:646:37:mfrc522_gpio_deinit	8	static
